// Jest Snapshot v1, https://goo.gl/fbAQLP

exports[`TextBox matches snapshot 1`] = `
<DocumentFragment>
  <div
    class="jsx-38414541 jsx-475603417 d-flex flex-row align-items-center w-100 text-box"
  >
    <div
      class="jsx-38414541 jsx-475603417 icon"
    >
      <div
        class="spinner-border spinner-border-sm"
      />
    </div>
    <div
      class="jsx-38414541 jsx-475603417 d-flex flex-column text-box-text-container"
    >
      <div
        class="jsx-38414541 jsx-475603417 text-box-header"
      >
        <img
          alt="google"
          height="20"
          src="/logo-google.png"
          width="20"
        />
      </div>
      <div
        class="jsx-38414541 jsx-475603417 position-relative w-100 text-box-textarea-container"
      >
        <textarea
          class="jsx-38414541 jsx-475603417 h-100 text-box-textarea"
          placeholder="placeholder"
        >
          test
        </textarea>
        <svg
          class="position-absolute text-box-clipboard-button"
          fill="currentColor"
          height="1em"
          viewBox="0 0 16 16"
          width="1em"
          xmlns="http://www.w3.org/2000/svg"
        >
          <path
            d="M4 1.5H3a2 2 0 0 0-2 2V14a2 2 0 0 0 2 2h10a2 2 0 0 0 2-2V3.5a2 2 0 0 0-2-2h-1v1h1a1 1 0 0 1 1 1V14a1 1 0 0 1-1 1H3a1 1 0 0 1-1-1V3.5a1 1 0 0 1 1-1h1v-1z"
          />
          <path
            d="M9.5 1a.5.5 0 0 1 .5.5v1a.5.5 0 0 1-.5.5h-3a.5.5 0 0 1-.5-.5v-1a.5.5 0 0 1 .5-.5h3zm-3-1A1.5 1.5 0 0 0 5 1.5v1A1.5 1.5 0 0 0 6.5 4h3A1.5 1.5 0 0 0 11 2.5v-1A1.5 1.5 0 0 0 9.5 0h-3z"
          />
        </svg>
      </div>
    </div>
  </div>
</DocumentFragment>
`;
